// Jest Snapshot v1, https://goo.gl/fbAQLP

exports[`rendersChartComponent 1`] = `
<div
  className=""
>
  <div
    className="mixed-chart"
  >
    <div />
  </div>
</div>
`;
